============================= test session starts =============================
platform win32 -- Python 3.13.5, pytest-9.0.2, pluggy-1.6.0
rootdir: C:\Users\ameba\Desktop\liopandas
plugins: anyio-4.9.0
collected 61 items

tests\test_to_numpy.py ....F...FF.                                       [ 18%]
tests\test_series.py ...........................                         [ 62%]
tests\test_dataframe.py .......................                          [100%]

================================== FAILURES ===================================
___________________ TestSeriesToNumpy.test_na_value_object ____________________
tests\test_to_numpy.py:36: in test_na_value_object
    assert np.array_equal(arr, np.array([1, "missing", 3], dtype=object))
E   AssertionError: assert False
E    +  where False = <function array_equal at 0x000001D0CC6C9FB0>(array([ 1., nan,  3.]), array([1, 'missing', 3], dtype=object))
E    +    where <function array_equal at 0x000001D0CC6C9FB0> = np.array_equal
E    +    and   array([1, 'missing', 3], dtype=object) = <built-in function array>([1, 'missing', 3], dtype=object)
E    +      where <built-in function array> = np.array
____________________ TestDataFrameToNumpy.test_mixed_types ____________________
tests\test_to_numpy.py:60: in test_mixed_types
    assert arr.dtype == object
E   AssertionError: assert dtype('<U21') == object
E    +  where dtype('<U21') = array([['1', 'x'],\n       ['2', 'y']], dtype='<U21').dtype
__________________ TestDataFrameToNumpy.test_na_value_mixed ___________________
tests\test_to_numpy.py:68: in test_na_value_mixed
    assert arr[1, 1] == "MISSING"
E   AssertionError: assert 'nan' == 'MISSING'
E     
E     - MISSING
E     + nan
=========================== short test summary info ===========================
FAILED tests/test_to_numpy.py::TestSeriesToNumpy::test_na_value_object - Asse...
FAILED tests/test_to_numpy.py::TestDataFrameToNumpy::test_mixed_types - Asser...
FAILED tests/test_to_numpy.py::TestDataFrameToNumpy::test_na_value_mixed - As...
======================== 3 failed, 58 passed in 0.20s =========================
